// Jest Snapshot v1, https://goo.gl/fbAQLP

exports[`Homepage should renders 1`] = `
<div>
  <div>
    <h1
      data-testid="title"
    >
      Assemble Movies
    </h1>
  </div>
</div>
`;
